MPLINK 5.09, LINKER
Linker Map File - Created Fri Jul 16 11:21:23 2021

                                 Section Info
                  Section       Type    Address   Location Size(Bytes)
                ---------  ---------  ---------  ---------  ---------
                   .org_0       code   0x000000    program   0x000002
                   .cinit    romdata   0x000001    program   0x000004
                   .org_1       code   0x000004    program   0x000042
.config_2007_BUILD/DEFAULT/PRODUCTION/LED_BOT       code   0x002007    program   0x000002



                              Program Memory Usage 
                               Start         End      
                           ---------   ---------      
                            0x000000    0x000002      
                            0x000004    0x000024      
                            0x002007    0x002007      
            37 out of 2182 program addresses used, program memory utilization is 1%



                              Symbols - Sorted by Name
                     Name    Address   Location    Storage File                     
                ---------  ---------  ---------  --------- ---------                
               apaga_led1   0x000017    program     static C:\Users\Iagof\Documents\Estudos\Per-odo-6-facul\MIC-MIC\trabalhos\16-07-2021\atividade-assincrona.X\led_botao.asm
               apaga_led2   0x00001d    program     static C:\Users\Iagof\Documents\Estudos\Per-odo-6-facul\MIC-MIC\trabalhos\16-07-2021\atividade-assincrona.X\led_botao.asm
               apaga_led3   0x000023    program     static C:\Users\Iagof\Documents\Estudos\Per-odo-6-facul\MIC-MIC\trabalhos\16-07-2021\atividade-assincrona.X\led_botao.asm
                   inicio   0x000005    program     static C:\Users\Iagof\Documents\Estudos\Per-odo-6-facul\MIC-MIC\trabalhos\16-07-2021\atividade-assincrona.X\led_botao.asm
                     loop   0x00000f    program     static C:\Users\Iagof\Documents\Estudos\Per-odo-6-facul\MIC-MIC\trabalhos\16-07-2021\atividade-assincrona.X\led_botao.asm
               trata_but1   0x000013    program     static C:\Users\Iagof\Documents\Estudos\Per-odo-6-facul\MIC-MIC\trabalhos\16-07-2021\atividade-assincrona.X\led_botao.asm
               trata_but2   0x000019    program     static C:\Users\Iagof\Documents\Estudos\Per-odo-6-facul\MIC-MIC\trabalhos\16-07-2021\atividade-assincrona.X\led_botao.asm
               trata_but3   0x00001f    program     static C:\Users\Iagof\Documents\Estudos\Per-odo-6-facul\MIC-MIC\trabalhos\16-07-2021\atividade-assincrona.X\led_botao.asm



                              Symbols - Sorted by Address
                     Name    Address   Location    Storage File                     
                ---------  ---------  ---------  --------- ---------                
                   inicio   0x000005    program     static C:\Users\Iagof\Documents\Estudos\Per-odo-6-facul\MIC-MIC\trabalhos\16-07-2021\atividade-assincrona.X\led_botao.asm
                     loop   0x00000f    program     static C:\Users\Iagof\Documents\Estudos\Per-odo-6-facul\MIC-MIC\trabalhos\16-07-2021\atividade-assincrona.X\led_botao.asm
               trata_but1   0x000013    program     static C:\Users\Iagof\Documents\Estudos\Per-odo-6-facul\MIC-MIC\trabalhos\16-07-2021\atividade-assincrona.X\led_botao.asm
               apaga_led1   0x000017    program     static C:\Users\Iagof\Documents\Estudos\Per-odo-6-facul\MIC-MIC\trabalhos\16-07-2021\atividade-assincrona.X\led_botao.asm
               trata_but2   0x000019    program     static C:\Users\Iagof\Documents\Estudos\Per-odo-6-facul\MIC-MIC\trabalhos\16-07-2021\atividade-assincrona.X\led_botao.asm
               apaga_led2   0x00001d    program     static C:\Users\Iagof\Documents\Estudos\Per-odo-6-facul\MIC-MIC\trabalhos\16-07-2021\atividade-assincrona.X\led_botao.asm
               trata_but3   0x00001f    program     static C:\Users\Iagof\Documents\Estudos\Per-odo-6-facul\MIC-MIC\trabalhos\16-07-2021\atividade-assincrona.X\led_botao.asm
               apaga_led3   0x000023    program     static C:\Users\Iagof\Documents\Estudos\Per-odo-6-facul\MIC-MIC\trabalhos\16-07-2021\atividade-assincrona.X\led_botao.asm


