MPLINK 5.09, LINKER
Linker Map File - Created Tue Jul 13 16:07:10 2021

                                 Section Info
                  Section       Type    Address   Location Size(Bytes)
                ---------  ---------  ---------  ---------  ---------
                   .org_0       code   0x000000    program   0x000002
                   .cinit    romdata   0x000001    program   0x000004
                   .org_1       code   0x000004    program   0x000022
.config_2007_BUILD/DEFAULT/PRODUCTION/ATIVIDA       code   0x002007    program   0x000002



                              Program Memory Usage 
                               Start         End      
                           ---------   ---------      
                            0x000000    0x000002      
                            0x000004    0x000014      
                            0x002007    0x002007      
            21 out of 2182 program addresses used, program memory utilization is 0%



                              Symbols - Sorted by Name
                     Name    Address   Location    Storage File                     
                ---------  ---------  ---------  --------- ---------                
                   inicio   0x000005    program     static C:\Users\Iagof\Documents\Estudos\Per-odo-6-facul\MIC-MIC\trabalhos\relatorio06\atividade01.X\atividade01.asm
                     loop   0x000010    program     static C:\Users\Iagof\Documents\Estudos\Per-odo-6-facul\MIC-MIC\trabalhos\relatorio06\atividade01.X\atividade01.asm



                              Symbols - Sorted by Address
                     Name    Address   Location    Storage File                     
                ---------  ---------  ---------  --------- ---------                
                   inicio   0x000005    program     static C:\Users\Iagof\Documents\Estudos\Per-odo-6-facul\MIC-MIC\trabalhos\relatorio06\atividade01.X\atividade01.asm
                     loop   0x000010    program     static C:\Users\Iagof\Documents\Estudos\Per-odo-6-facul\MIC-MIC\trabalhos\relatorio06\atividade01.X\atividade01.asm


