MPLINK 5.09, LINKER
Linker Map File - Created Wed Jul 21 20:18:06 2021

                                 Section Info
                  Section       Type    Address   Location Size(Bytes)
                ---------  ---------  ---------  ---------  ---------
                   .org_0       code   0x000000    program   0x000002
                   .cinit    romdata   0x000001    program   0x000004
                   .org_1       code   0x000004    program   0x000062
.config_2007_BUILD/DEFAULT/PRODUCTION/SEMAFOR       code   0x002007    program   0x000002



                              Program Memory Usage 
                               Start         End      
                           ---------   ---------      
                            0x000000    0x000002      
                            0x000004    0x000034      
                            0x002007    0x002007      
            53 out of 2182 program addresses used, program memory utilization is 2%



                              Symbols - Sorted by Name
                     Name    Address   Location    Storage File                     
                ---------  ---------  ---------  --------- ---------                
              acende_led1   0x000019    program     static C:\Users\Iagof\Documents\Estudos\Per-odo-6-facul\MIC-MIC\trabalhos\relatorio07\semaforo-21-07.X\semaforo.asm
              acende_led2   0x00001d    program     static C:\Users\Iagof\Documents\Estudos\Per-odo-6-facul\MIC-MIC\trabalhos\relatorio07\semaforo-21-07.X\semaforo.asm
              acende_led3   0x000021    program     static C:\Users\Iagof\Documents\Estudos\Per-odo-6-facul\MIC-MIC\trabalhos\relatorio07\semaforo-21-07.X\semaforo.asm
               apaga_led1   0x00001b    program     static C:\Users\Iagof\Documents\Estudos\Per-odo-6-facul\MIC-MIC\trabalhos\relatorio07\semaforo-21-07.X\semaforo.asm
               apaga_led2   0x00001f    program     static C:\Users\Iagof\Documents\Estudos\Per-odo-6-facul\MIC-MIC\trabalhos\relatorio07\semaforo-21-07.X\semaforo.asm
               apaga_led3   0x000023    program     static C:\Users\Iagof\Documents\Estudos\Per-odo-6-facul\MIC-MIC\trabalhos\relatorio07\semaforo-21-07.X\semaforo.asm
                     aux1   0x000027    program     static C:\Users\Iagof\Documents\Estudos\Per-odo-6-facul\MIC-MIC\trabalhos\relatorio07\semaforo-21-07.X\semaforo.asm
                     aux2   0x000029    program     static C:\Users\Iagof\Documents\Estudos\Per-odo-6-facul\MIC-MIC\trabalhos\relatorio07\semaforo-21-07.X\semaforo.asm
               delay500ms   0x000025    program     static C:\Users\Iagof\Documents\Estudos\Per-odo-6-facul\MIC-MIC\trabalhos\relatorio07\semaforo-21-07.X\semaforo.asm
                   inicio   0x000005    program     static C:\Users\Iagof\Documents\Estudos\Per-odo-6-facul\MIC-MIC\trabalhos\relatorio07\semaforo-21-07.X\semaforo.asm
                     loop   0x00000f    program     static C:\Users\Iagof\Documents\Estudos\Per-odo-6-facul\MIC-MIC\trabalhos\relatorio07\semaforo-21-07.X\semaforo.asm



                              Symbols - Sorted by Address
                     Name    Address   Location    Storage File                     
                ---------  ---------  ---------  --------- ---------                
                   inicio   0x000005    program     static C:\Users\Iagof\Documents\Estudos\Per-odo-6-facul\MIC-MIC\trabalhos\relatorio07\semaforo-21-07.X\semaforo.asm
                     loop   0x00000f    program     static C:\Users\Iagof\Documents\Estudos\Per-odo-6-facul\MIC-MIC\trabalhos\relatorio07\semaforo-21-07.X\semaforo.asm
              acende_led1   0x000019    program     static C:\Users\Iagof\Documents\Estudos\Per-odo-6-facul\MIC-MIC\trabalhos\relatorio07\semaforo-21-07.X\semaforo.asm
               apaga_led1   0x00001b    program     static C:\Users\Iagof\Documents\Estudos\Per-odo-6-facul\MIC-MIC\trabalhos\relatorio07\semaforo-21-07.X\semaforo.asm
              acende_led2   0x00001d    program     static C:\Users\Iagof\Documents\Estudos\Per-odo-6-facul\MIC-MIC\trabalhos\relatorio07\semaforo-21-07.X\semaforo.asm
               apaga_led2   0x00001f    program     static C:\Users\Iagof\Documents\Estudos\Per-odo-6-facul\MIC-MIC\trabalhos\relatorio07\semaforo-21-07.X\semaforo.asm
              acende_led3   0x000021    program     static C:\Users\Iagof\Documents\Estudos\Per-odo-6-facul\MIC-MIC\trabalhos\relatorio07\semaforo-21-07.X\semaforo.asm
               apaga_led3   0x000023    program     static C:\Users\Iagof\Documents\Estudos\Per-odo-6-facul\MIC-MIC\trabalhos\relatorio07\semaforo-21-07.X\semaforo.asm
               delay500ms   0x000025    program     static C:\Users\Iagof\Documents\Estudos\Per-odo-6-facul\MIC-MIC\trabalhos\relatorio07\semaforo-21-07.X\semaforo.asm
                     aux1   0x000027    program     static C:\Users\Iagof\Documents\Estudos\Per-odo-6-facul\MIC-MIC\trabalhos\relatorio07\semaforo-21-07.X\semaforo.asm
                     aux2   0x000029    program     static C:\Users\Iagof\Documents\Estudos\Per-odo-6-facul\MIC-MIC\trabalhos\relatorio07\semaforo-21-07.X\semaforo.asm


