MPLINK 5.09, LINKER
Linker Map File - Created Wed Aug 11 10:20:39 2021

                                 Section Info
                  Section       Type    Address   Location Size(Bytes)
                ---------  ---------  ---------  ---------  ---------
                   .org_0       code   0x000000    program   0x000002
                   .cinit    romdata   0x000001    program   0x000004
                   .org_1       code   0x000004    program   0x00005c
.config_2007_BUILD/DEFAULT/PRODUCTION/PROJETO       code   0x002007    program   0x000002



                              Program Memory Usage 
                               Start         End      
                           ---------   ---------      
                            0x000000    0x000002      
                            0x000004    0x000031      
                            0x002007    0x002007      
            50 out of 2182 program addresses used, program memory utilization is 2%



                              Symbols - Sorted by Name
                     Name    Address   Location    Storage File                     
                ---------  ---------  ---------  --------- ---------                
                 exit_ISR   0x000014    program     static C:\Users\Iagof\Documents\Estudos\Per-odo-6-facul\MIC-MIC\trabalhos\projetofinal02\projeto.X\projeto.asm
                   inicio   0x000019    program     static C:\Users\Iagof\Documents\Estudos\Per-odo-6-facul\MIC-MIC\trabalhos\projetofinal02\projeto.X\projeto.asm
                     loop   0x000027    program     static C:\Users\Iagof\Documents\Estudos\Per-odo-6-facul\MIC-MIC\trabalhos\projetofinal02\projeto.X\projeto.asm
                 timerOn1   0x00002c    program     static C:\Users\Iagof\Documents\Estudos\Per-odo-6-facul\MIC-MIC\trabalhos\projetofinal02\projeto.X\projeto.asm
                 timerOn2   0x00002f    program     static C:\Users\Iagof\Documents\Estudos\Per-odo-6-facul\MIC-MIC\trabalhos\projetofinal02\projeto.X\projeto.asm



                              Symbols - Sorted by Address
                     Name    Address   Location    Storage File                     
                ---------  ---------  ---------  --------- ---------                
                 exit_ISR   0x000014    program     static C:\Users\Iagof\Documents\Estudos\Per-odo-6-facul\MIC-MIC\trabalhos\projetofinal02\projeto.X\projeto.asm
                   inicio   0x000019    program     static C:\Users\Iagof\Documents\Estudos\Per-odo-6-facul\MIC-MIC\trabalhos\projetofinal02\projeto.X\projeto.asm
                     loop   0x000027    program     static C:\Users\Iagof\Documents\Estudos\Per-odo-6-facul\MIC-MIC\trabalhos\projetofinal02\projeto.X\projeto.asm
                 timerOn1   0x00002c    program     static C:\Users\Iagof\Documents\Estudos\Per-odo-6-facul\MIC-MIC\trabalhos\projetofinal02\projeto.X\projeto.asm
                 timerOn2   0x00002f    program     static C:\Users\Iagof\Documents\Estudos\Per-odo-6-facul\MIC-MIC\trabalhos\projetofinal02\projeto.X\projeto.asm


